objects/sm/getenv.eo
objects/sm/os.eo
objects/sm/win32.eo
objects/sm/line-separator.eo
objects/sm/posix.eo
objects/i16.eo
objects/seq.eo
objects/positive-infinity.eo
objects/i32.eo
objects/tuple.eo
objects/dataized.eo
objects/ss/range.eo
objects/ss/range-of-numbers.eo
objects/ss/mapped.eo
objects/ss/eachi.eo
objects/ss/reduced.eo
objects/ss/reducedi.eo
objects/ss/set.eo
objects/ss/hash-code-of.eo
objects/ss/map.eo
objects/ss/list.eo
objects/ss/mappedi.eo
objects/ss/bytes-as-array.eo
objects/io/console.eo
objects/io/stdout.eo
objects/io/dead-input.eo
objects/io/tee-input.eo
objects/io/malloc-as-output.eo
objects/io/stdin.eo
objects/io/bytes-as-input.eo
objects/io/copied.eo
objects/io/input-length.eo
objects/io/dead-output.eo
objects/negative-infinity.eo
objects/true.eo
objects/number.eo
objects/runtime.eo
objects/cti.eo
objects/bytes.eo
objects/go.eo
objects/nan.eo
objects/i64.eo
objects/ms/asin.eo
objects/ms/abs.eo
objects/ms/numbers.eo
objects/ms/real.eo
objects/ms/integral.eo
objects/ms/pow.eo
objects/ms/mod.eo
objects/ms/e.eo
objects/ms/acos.eo
objects/ms/exp.eo
objects/ms/sqrt.eo
objects/ms/angle.eo
objects/ms/pi.eo
objects/ms/random.eo
objects/try.eo
objects/nk/socket.eo
objects/fs/dir.eo
objects/fs/tmpdir.eo
objects/fs/file.eo
objects/fs/path.eo
objects/while.eo
objects/tt/index-of.eo
objects/tt/chained.eo
objects/tt/repeated.eo
objects/tt/contains-all.eo
objects/tt/contains-any.eo
objects/tt/regex.eo
objects/tt/slice.eo
objects/tt/sprintf.eo
objects/tt/is-ascii.eo
objects/tt/split.eo
objects/tt/ends-with.eo
objects/tt/is-alphanumeric.eo
objects/tt/joined.eo
objects/tt/at.eo
objects/tt/contains.eo
objects/tt/trimmed.eo
objects/tt/nsplit.eo
objects/tt/low-cased.eo
objects/tt/up-cased.eo
objects/tt/replaced.eo
objects/tt/trimmed-right.eo
objects/tt/starts-with.eo
objects/tt/sscanf.eo
objects/tt/trimmed-left.eo
objects/tt/string-buffer.eo
objects/tt/as-number.eo
objects/tt/last-index-of.eo
objects/tt/is-alpha.eo
objects/malloc.eo
objects/string.eo
objects/switch.eo
objects/false.eo
objects/error.eo
