objects/while.eo
objects/number/lt.eo
objects/number/is-integer.eo
objects/number/power.eo
objects/number/eq.eo
objects/number/as-i64.eo
objects/number/radians.eo
objects/number/lte.eo
objects/number/ln.eo
objects/number/random.eo
objects/number/sine.eo
objects/number/degrees.eo
objects/number/integral.eo
objects/number/exp.eo
objects/number/sqrt.eo
objects/number/arc-cosine.eo
objects/number/floor.eo
objects/number/minus.eo
objects/number/cosine.eo
objects/number/gte.eo
objects/number/is-finite.eo
objects/number/is-nan.eo
objects/number/neg.eo
objects/number/arc-sine.eo
objects/number/mod.eo
objects/number/abs.eo
objects/i16.eo
objects/map.eo
objects/i8.eo
objects/false.eo
objects/nan.eo
objects/u32.eo
objects/range/naturals.eo
objects/path.eo
objects/true.eo
objects/i64/div.eo
objects/input.eo
objects/socket.eo
objects/pi.eo
objects/buffer.eo
objects/eol.eo
objects/u64.eo
objects/directory.eo
objects/os.eo
objects/file.eo
objects/pinf.eo
objects/stdout.eo
objects/chunk/to-output.eo
objects/console.eo
objects/nop.eo
objects/directory/deleted.eo
objects/directory/made.eo
objects/directory/open.eo
objects/e.eo
objects/bool.eo
objects/u8.eo
objects/output/dead.eo
objects/u16.eo
objects/malloc.eo
objects/bytes/as-i64.eo
objects/bytes/as-u16.eo
objects/bytes/as-i8.eo
objects/bytes/as-u8.eo
objects/bytes/as-u32.eo
objects/bytes/left.eo
objects/bytes/as-bool.eo
objects/bytes/xor.eo
objects/bytes/array.eo
objects/bytes/as-input.eo
objects/bytes/as-u64.eo
objects/bytes/as-i16.eo
objects/bytes/as-bytes.eo
objects/bytes/as-number.eo
objects/bytes/as-i32.eo
objects/bytes/hash.eo
objects/output.eo
objects/bytes.eo
objects/set.eo
objects/clock.eo
objects/seq.eo
objects/string.eo
objects/string/trimmed.eo
objects/string/trimmed-right.eo
objects/string/contains.eo
objects/string/as-char.eo
objects/string/joined.eo
objects/string/up-cased.eo
objects/string/last-index-of.eo
objects/string/repeated.eo
objects/string/is-alpha.eo
objects/string/starts-with.eo
objects/string/as-hex.eo
objects/string/chained.eo
objects/string/split.eo
objects/string/contains-all.eo
objects/string/is-alphanumeric.eo
objects/string/regex.eo
objects/string/trimmed-left.eo
objects/string/replaced.eo
objects/string/as-fixed.eo
objects/string/ends-with.eo
objects/string/as-number.eo
objects/string/printf.eo
objects/string/at.eo
objects/string/contains-any.eo
objects/string/index-of.eo
objects/string/is-ascii.eo
objects/string/slice.eo
objects/string/length.eo
objects/string/scanf.eo
objects/string/nsplit.eo
objects/string/as-ascii.eo
objects/string/low-cased.eo
objects/string/is-digit.eo
objects/string/as-decimal.eo
objects/dataized.eo
objects/input/tee.eo
objects/input/copied.eo
objects/input/dead.eo
objects/input/as-bytes.eo
objects/input/length.eo
objects/switch.eo
objects/win32.eo
objects/mktemp.eo
objects/i32.eo
objects/posix.eo
objects/stderr.eo
objects/number.eo
objects/uri.eo
objects/tuple/mapped.eo
objects/tuple/contains.eo
objects/tuple/with.eo
objects/tuple/last-index-of.eo
objects/tuple/reducedi.eo
objects/tuple/each.eo
objects/tuple/concat.eo
objects/tuple/without.eo
objects/tuple/front.eo
objects/tuple/withouti.eo
objects/tuple/shifted.eo
objects/tuple/is-empty.eo
objects/tuple/minimum.eo
objects/tuple/back.eo
objects/tuple/reduced.eo
objects/tuple/withi.eo
objects/tuple/mappedi.eo
objects/tuple/eachi.eo
objects/tuple/index-of.eo
objects/tuple/filtered.eo
objects/tuple/slice.eo
objects/tuple/maximum.eo
objects/tuple/filteredi.eo
objects/ninf.eo
objects/tuple.eo
objects/chunk.eo
objects/getenv.eo
objects/stdin.eo
objects/i64.eo
objects/recovered.eo
objects/u64/div.eo
objects/range.eo
