objects/org/eolang/hamcrest/assert-twice-that.eo
objects/org/eolang/hamcrest/assert-that.eo
objects/org/eolang/hamcrest/matchers/less-than-matcher.eo
objects/org/eolang/hamcrest/matchers/close-to-matcher.eo
objects/org/eolang/hamcrest/matchers/blank-string-matcher.eo
objects/org/eolang/hamcrest/matchers/anything-matcher.eo
objects/org/eolang/hamcrest/matchers/has-item-matcher.eo
objects/org/eolang/hamcrest/matchers/all-of-matcher.eo
objects/org/eolang/hamcrest/matchers/any-of-matcher.eo
objects/org/eolang/hamcrest/matchers/contains-string-matcher.eo
objects/org/eolang/hamcrest/matchers/is-substring-matcher.eo
objects/org/eolang/hamcrest/matchers/empty-string-matcher.eo
objects/org/eolang/hamcrest/matchers/described-as-matcher.eo
objects/org/eolang/hamcrest/matchers/array-each-matcher.eo
objects/org/eolang/hamcrest/matchers/equal-to-matcher.eo
objects/org/eolang/hamcrest/matchers/matches-regex-matcher.eo
objects/org/eolang/hamcrest/matchers/not-matcher.eo
objects/org/eolang/hamcrest/matchers/string-starts-with-matcher.eo
objects/org/eolang/hamcrest/matchers/greater-than-matcher.eo
objects/org/eolang/hamcrest/matchers/string-ends-with-matcher.eo
objects/org/eolang/hamcrest/matchers/is-matcher.eo
objects/org/eolang/hamcrest/matchers/has-items-matcher.eo
objects/org/eolang/bytes.eo
objects/org/eolang/string.eo
objects/org/eolang/seq.eo
objects/org/eolang/as-phi.eo
objects/org/eolang/rust.eo
objects/org/eolang/int.eo
objects/org/eolang/txt/regex.eo
objects/org/eolang/txt/text.eo
objects/org/eolang/txt/sprintf.eo
objects/org/eolang/txt/sscanf.eo
objects/org/eolang/ram.eo
objects/org/eolang/nop.eo
objects/org/eolang/io/stdin.eo
objects/org/eolang/io/stdout.eo
objects/org/eolang/io/copied.eo
objects/org/eolang/io/bytes-as-input.eo
objects/org/eolang/io/memory-as-output.eo
objects/org/eolang/nan.eo
objects/org/eolang/cage.eo
objects/org/eolang/math/e.eo
objects/org/eolang/math/number.eo
objects/org/eolang/math/integral.eo
objects/org/eolang/math/angle.eo
objects/org/eolang/math/random.eo
objects/org/eolang/math/pi.eo
objects/org/eolang/math/series.eo
objects/org/eolang/negative-infinity.eo
objects/org/eolang/sys/call.eo
objects/org/eolang/sys/win32.eo
objects/org/eolang/sys/uname.eo
objects/org/eolang/bool.eo
objects/org/eolang/positive-infinity.eo
objects/org/eolang/float.eo
objects/org/eolang/cti.eo
objects/org/eolang/switch.eo
objects/org/eolang/tuple.eo
objects/org/eolang/try.eo
objects/org/eolang/collections/set.eo
objects/org/eolang/collections/multimap.eo
objects/org/eolang/collections/map.eo
objects/org/eolang/collections/range.eo
objects/org/eolang/collections/bytes-as-array.eo
objects/org/eolang/collections/list.eo
objects/org/eolang/fs/base-name.eo
objects/org/eolang/fs/file.eo
objects/org/eolang/fs/tmpdir.eo
objects/org/eolang/fs/ext-name.eo
objects/org/eolang/fs/dir.eo
objects/org/eolang/fs/dir-name.eo
objects/org/eolang/memory.eo
objects/org/eolang/goto.eo
objects/org/eolang/error.eo
objects/org/eolang/heap.eo
tests/org/eolang/hamcrest/matches-regex-tests.eo
tests/org/eolang/hamcrest/close-to-tests.eo
tests/org/eolang/hamcrest/described-as-tests.eo
tests/org/eolang/hamcrest/string-ends-with-tests.eo
tests/org/eolang/hamcrest/failed-output/less-than-failed-output.eo
tests/org/eolang/hamcrest/failed-output/is-failed-output.eo
tests/org/eolang/hamcrest/failed-output/anything-failed-output.eo
tests/org/eolang/hamcrest/failed-output/string-starts-with-failed-output.eo
tests/org/eolang/hamcrest/failed-output/not-failed-output.eo
tests/org/eolang/hamcrest/failed-output/contains-string-failed-output.eo
tests/org/eolang/hamcrest/failed-output/string-ends-with-failed-output.eo
tests/org/eolang/hamcrest/failed-output/is-substring-failed-output.eo
tests/org/eolang/hamcrest/failed-output/all-of-failed-output.eo
tests/org/eolang/hamcrest/failed-output/equal-to-failed-output.eo
tests/org/eolang/hamcrest/failed-output/greater-than-failed-output.eo
tests/org/eolang/hamcrest/failed-output/arrays-matchers-failed-output.eo
tests/org/eolang/hamcrest/failed-output/matches-regex-failed-output.eo
tests/org/eolang/hamcrest/failed-output/close-to-failed-output.eo
tests/org/eolang/hamcrest/failed-output/empty-string-failed-output.eo
tests/org/eolang/hamcrest/failed-output/blank-string-failed-output.eo
tests/org/eolang/hamcrest/failed-output/described-as-failed-output.eo
tests/org/eolang/hamcrest/failed-output/any-of-failed-output.eo
tests/org/eolang/hamcrest/is-substring-tests.eo
tests/org/eolang/hamcrest/greater-than-tests.eo
tests/org/eolang/hamcrest/is-tests.eo
tests/org/eolang/hamcrest/not-tests.eo
tests/org/eolang/hamcrest/any-of-tests.eo
tests/org/eolang/hamcrest/equal-to-tests.eo
tests/org/eolang/hamcrest/contains-string-tests.eo
tests/org/eolang/hamcrest/string-starts-with-tests.eo
tests/org/eolang/hamcrest/less-than-tests.eo
tests/org/eolang/hamcrest/anything-tests.eo
tests/org/eolang/hamcrest/blank-string-tests.eo
tests/org/eolang/hamcrest/empty-string-tests.eo
tests/org/eolang/hamcrest/arrays-matchers-tests.eo
tests/org/eolang/hamcrest/all-of-tests.eo
tests/org/eolang/seq-tests.eo
tests/org/eolang/float-tests.eo
tests/org/eolang/runtime-tests.eo
tests/org/eolang/txt/text-tests.eo
tests/org/eolang/txt/sprintf-tests.eo
tests/org/eolang/txt/sscanf-tests.eo
tests/org/eolang/txt/regex-tests.eo
tests/org/eolang/cti-test.eo
tests/org/eolang/bytes-tests.eo
tests/org/eolang/negative-infinity-tests.eo
tests/org/eolang/try-tests.eo
tests/org/eolang/junit-tests.eo
tests/org/eolang/io/bytes-as-input-test.eo
tests/org/eolang/io/stdout-tests.eo
tests/org/eolang/io/copied-test.eo
tests/org/eolang/tuple-tests.eo
tests/org/eolang/nan-tests.eo
tests/org/eolang/int-tests.eo
tests/org/eolang/math/angle-tests.eo
tests/org/eolang/math/series-tests.eo
tests/org/eolang/math/random-tests.eo
tests/org/eolang/math/pi-tests.eo
tests/org/eolang/math/integral-tests.eo
tests/org/eolang/math/e-tests.eo
tests/org/eolang/math/number-tests.eo
tests/org/eolang/bool-tests.eo
tests/org/eolang/ram-tests.eo
tests/org/eolang/string-tests.eo
tests/org/eolang/cage-tests.eo
tests/org/eolang/sys/win32-test.eo
tests/org/eolang/sys/call-test.eo
tests/org/eolang/sys/uname-test.eo
tests/org/eolang/nop-tests.eo
tests/org/eolang/positive-infinity-tests.eo
tests/org/eolang/rust-tests.eo
tests/org/eolang/as-phi-tests.eo
tests/org/eolang/heap-tests.eo
tests/org/eolang/goto-tests.eo
tests/org/eolang/collections/bytes-as-array-tests.eo
tests/org/eolang/collections/list-tests.eo
tests/org/eolang/collections/map-tests.eo
tests/org/eolang/collections/range-tests.eo
tests/org/eolang/collections/multimap-tests.eo
tests/org/eolang/collections/set-tests.eo
tests/org/eolang/fs/base-name-test.eo
tests/org/eolang/fs/dir-test.eo
tests/org/eolang/fs/tmpdir-test.eo
tests/org/eolang/fs/dir-name-test.eo
tests/org/eolang/fs/ext-name-test.eo
tests/org/eolang/fs/file-test.eo
tests/org/eolang/switch-tests.eo
tests/org/eolang/memory-tests.eo
tests/org/eolang/unit-tests.eo
